// Jest Snapshot v1, https://goo.gl/fbAQLP

exports[`Should call writeFile 1`] = `
"---
author: my-author
id: my-blog-title
permalink: posts/my-blog-title.md
title: my-blog-title
created: 2018-06-27T06:00:00.000Z
updated: 2018-06-27T06:00:00.000Z
---
# my-blog-title
"
`;

exports[`Should call writeFile 2`] = `
"
😳 😳 🤖 😳  LET'S MAKE A BLOG POST! 😳 😳 🤖 😳 
"
`;

exports[`Should call writeFile 3`] = `
"
    Congratulations! 🎉 🎉 🎉
    You generated a blog post!
  "
`;
